// Jest Snapshot v1, https://goo.gl/fbAQLP

exports[`renders with props setAuth 1`] = `[MockFunction]`;
