// Jest Snapshot v1, https://goo.gl/fbAQLP

exports[`renders with props function closeConvertSlider 1`] = `undefined`;
